default-session-before={"name":"default","default":true,"running":true,"socket_path":"/home/jon/.config/herdr/herdr.sock"}
isolated-server-running=true
first-later-pane=w1:p1
FM_HOME=<unset>
FM_ROOT_OVERRIDE=<unset>
FM_STATE_OVERRIDE=<unset>
FM_DATA_OVERRIDE=<unset>
FM_PROJECTS_OVERRIDE=<unset>
FM_CONFIG_OVERRIDE=<unset>
CURSOR_AGENT=<unset>
CURSOR_INVOKED_AS=<unset>
CLAUDECODE=<unset>
PI_CODING_AGENT=<unset>
FM_PI_HARNESS=<unset>
GROK_AGENT=<unset>
FM_SUPERVISION_MODEL=<unset>
FM_HERDR_SENTINEL=kept
HERDR_SESSION=fm-lab-env-isolation-1628912-3418
later-pane-after-reensure=w1:p2
FM_HOME=<unset>
FM_ROOT_OVERRIDE=<unset>
FM_STATE_OVERRIDE=<unset>
FM_DATA_OVERRIDE=<unset>
FM_PROJECTS_OVERRIDE=<unset>
FM_CONFIG_OVERRIDE=<unset>
CURSOR_AGENT=<unset>
CURSOR_INVOKED_AS=<unset>
CLAUDECODE=<unset>
PI_CODING_AGENT=<unset>
FM_PI_HARNESS=<unset>
GROK_AGENT=<unset>
FM_SUPERVISION_MODEL=<unset>
FM_HERDR_SENTINEL=kept
HERDR_SESSION=fm-lab-env-isolation-1628912-3418
assertion=scrubbed launch-only variables; preserved unrelated sentinel and named-session routing
assertion=already-running server retained original environment on re-ensure
default-session-after={"name":"default","default":true,"running":true,"socket_path":"/home/jon/.config/herdr/herdr.sock"}
cleanup=isolated session removed; active default session unchanged
